c:\users\user\desktop\голые письки\порно с ослами\app\app\x64\debug\qt\moc\moc_client.cpp
c:\users\user\desktop\голые письки\порно с ослами\app\app\x64\debug\qt\moc\moc_mainwindow.cpp
c:\users\user\desktop\голые письки\порно с ослами\app\app\x64\debug\qt\moc\moc_notificationmanager.cpp
c:\users\user\desktop\голые письки\порно с ослами\app\app\x64\debug\qt\moc\moc_player.cpp
c:\users\user\desktop\голые письки\порно с ослами\app\app\x64\debug\qt\moc\moc_roomdata.cpp
c:\users\user\desktop\голые письки\порно с ослами\app\app\x64\debug\qt\moc\moc_settingsmanager.cpp
c:\users\user\desktop\голые письки\порно с ослами\app\app\x64\debug\qt\moc\moc_synchandler.cpp
c:\users\user\desktop\голые письки\порно с ослами\app\app\x64\debug\qt\moc\moc_videorenderer.cpp
c:\users\user\desktop\голые письки\порно с ослами\app\app\x64\debug\vc143.pdb
c:\users\user\desktop\голые письки\порно с ослами\app\app\x64\debug\vc143.idb
c:\users\user\desktop\голые письки\порно с ослами\app\app\x64\debug\mainwindow.obj
c:\users\user\desktop\голые письки\порно с ослами\app\app\x64\debug\videorenderer.obj
c:\users\user\desktop\голые письки\порно с ослами\app\app\x64\debug\roomdata.obj
c:\users\user\desktop\голые письки\порно с ослами\app\app\x64\debug\main.obj
c:\users\user\desktop\голые письки\порно с ослами\app\app\x64\debug\player.obj
c:\users\user\desktop\голые письки\порно с ослами\app\app\x64\debug\synchandler.obj
c:\users\user\desktop\голые письки\порно с ослами\app\app\x64\debug\notificationmanager.obj
c:\users\user\desktop\голые письки\порно с ослами\app\app\x64\debug\client.obj
c:\users\user\desktop\голые письки\порно с ослами\app\app\x64\debug\settingsmanager.obj
c:\users\user\desktop\голые письки\порно с ослами\app\app\x64\debug\moc_videorenderer.obj
c:\users\user\desktop\голые письки\порно с ослами\app\app\x64\debug\moc_synchandler.obj
c:\users\user\desktop\голые письки\порно с ослами\app\app\x64\debug\moc_notificationmanager.obj
c:\users\user\desktop\голые письки\порно с ослами\app\app\x64\debug\moc_roomdata.obj
c:\users\user\desktop\голые письки\порно с ослами\app\app\x64\debug\moc_player.obj
c:\users\user\desktop\голые письки\порно с ослами\app\app\x64\debug\moc_client.obj
c:\users\user\desktop\голые письки\порно с ослами\app\app\x64\debug\moc_settingsmanager.obj
c:\users\user\desktop\голые письки\порно с ослами\app\app\x64\debug\moc_mainwindow.obj
c:\users\user\desktop\голые письки\порно с ослами\app\x64\debug\app.exe
c:\users\user\desktop\голые письки\порно с ослами\app\x64\debug\app.pdb
c:\users\user\desktop\голые письки\порно с ослами\app\app\x64\debug\app.ilk
c:\users\user\desktop\голые письки\порно с ослами\app\app\x64\debug\app.tlog\app.write.1u.tlog
c:\users\user\desktop\голые письки\порно с ослами\app\app\x64\debug\app.tlog\cl.command.1.tlog
c:\users\user\desktop\голые письки\порно с ослами\app\app\x64\debug\app.tlog\cl.items.tlog
c:\users\user\desktop\голые письки\порно с ослами\app\app\x64\debug\app.tlog\cl.read.1.tlog
c:\users\user\desktop\голые письки\порно с ослами\app\app\x64\debug\app.tlog\cl.write.1.tlog
c:\users\user\desktop\голые письки\порно с ослами\app\app\x64\debug\app.tlog\link.command.1.tlog
c:\users\user\desktop\голые письки\порно с ослами\app\app\x64\debug\app.tlog\link.read.1.tlog
c:\users\user\desktop\голые письки\порно с ослами\app\app\x64\debug\app.tlog\link.secondary.1.tlog
c:\users\user\desktop\голые письки\порно с ослами\app\app\x64\debug\app.tlog\link.write.1.tlog
c:\users\user\desktop\голые письки\порно с ослами\app\app\x64\debug\app.tlog\moc.read.1u.tlog
c:\users\user\desktop\голые письки\порно с ослами\app\app\x64\debug\app.tlog\moc.write.1u.tlog
