   Qt/MSBuild: 3.4.0.1
  Reading Qt configuration (C:/Qt/6.9.0/msvc2022_64/bin/qmake)
   Qt: 6.9.0
  uic QtApp.ui
  rcc QtApp.qrc
  moc QtApp.h
  moc Client.h
  moc MainWindow.h
  moc NotificationManager.h
  moc Player.h
  moc RoomData.h
  moc SettingsManager.h
  moc SyncHandler.h
  moc VideoRenderer.h
   RCC: Warning: No resources in 'C:\Users\Злата\Desktop\курсовыая\QtApp\QtApp\QtApp.qrc'.
  RoomData.cpp
  SettingsManager.cpp
  SyncHandler.cpp
  VideoRenderer.cpp
  Client.cpp
  MainWindow.cpp
  NotificationManager.cpp
  Player.cpp
  QtApp.cpp
  main.cpp
C:\Users\Злата\Desktop\курсовыая\QtApp\QtApp\Client.cpp(1,1): warning C4828: Файл содержит знак, начинающийся со смещения 0xc3e, который является недопустимым в текущей исходной кодировке (кодовая страница 65001).
C:\Users\Злата\Desktop\курсовыая\QtApp\QtApp\SettingsManager.cpp(1,1): warning C4828: Файл содержит знак, начинающийся со смещения 0xd29, который является недопустимым в текущей исходной кодировке (кодовая страница 65001).
C:\Users\Злата\Desktop\курсовыая\QtApp\QtApp\Client.cpp(1,1): warning C4828: Файл содержит знак, начинающийся со смещения 0xc40, который является недопустимым в текущей исходной кодировке (кодовая страница 65001).
C:\Users\Злата\Desktop\курсовыая\QtApp\QtApp\SettingsManager.cpp(1,1): warning C4828: Файл содержит знак, начинающийся со смещения 0xd2b, который является недопустимым в текущей исходной кодировке (кодовая страница 65001).
C:\Users\Злата\Desktop\курсовыая\QtApp\QtApp\Client.cpp(1,1): warning C4828: Файл содержит знак, начинающийся со смещения 0xc43, который является недопустимым в текущей исходной кодировке (кодовая страница 65001).
C:\Users\Злата\Desktop\курсовыая\QtApp\QtApp\SettingsManager.cpp(1,1): warning C4828: Файл содержит знак, начинающийся со смещения 0xd2f, который является недопустимым в текущей исходной кодировке (кодовая страница 65001).
C:\Users\Злата\Desktop\курсовыая\QtApp\QtApp\Client.cpp(1,1): warning C4828: Файл содержит знак, начинающийся со смещения 0xc46, который является недопустимым в текущей исходной кодировке (кодовая страница 65001).
C:\Users\Злата\Desktop\курсовыая\QtApp\QtApp\SettingsManager.cpp(1,1): warning C4828: Файл содержит знак, начинающийся со смещения 0xd32, который является недопустимым в текущей исходной кодировке (кодовая страница 65001).
C:\Users\Злата\Desktop\курсовыая\QtApp\QtApp\Client.cpp(1,1): warning C4828: Файл содержит знак, начинающийся со смещения 0xc49, который является недопустимым в текущей исходной кодировке (кодовая страница 65001).
C:\Users\Злата\Desktop\курсовыая\QtApp\QtApp\Client.cpp(1,1): warning C4828: Файл содержит знак, начинающийся со смещения 0xc4c, который является недопустимым в текущей исходной кодировке (кодовая страница 65001).
C:\Users\Злата\Desktop\курсовыая\QtApp\QtApp\SettingsManager.cpp(1,1): warning C4828: Файл содержит знак, начинающийся со смещения 0xd35, который является недопустимым в текущей исходной кодировке (кодовая страница 65001).
C:\Users\Злата\Desktop\курсовыая\QtApp\QtApp\Client.cpp(1,1): warning C4828: Файл содержит знак, начинающийся со смещения 0xc4f, который является недопустимым в текущей исходной кодировке (кодовая страница 65001).
C:\Users\Злата\Desktop\курсовыая\QtApp\QtApp\SettingsManager.cpp(1,1): warning C4828: Файл содержит знак, начинающийся со смещения 0xd38, который является недопустимым в текущей исходной кодировке (кодовая страница 65001).
C:\Users\Злата\Desktop\курсовыая\QtApp\QtApp\Client.cpp(1,1): warning C4828: Файл содержит знак, начинающийся со смещения 0xc53, который является недопустимым в текущей исходной кодировке (кодовая страница 65001).
C:\Users\Злата\Desktop\курсовыая\QtApp\QtApp\SettingsManager.cpp(1,1): warning C4828: Файл содержит знак, начинающийся со смещения 0xd3b, который является недопустимым в текущей исходной кодировке (кодовая страница 65001).
C:\Users\Злата\Desktop\курсовыая\QtApp\QtApp\Client.cpp(1,1): warning C4828: Файл содержит знак, начинающийся со смещения 0xc56, который является недопустимым в текущей исходной кодировке (кодовая страница 65001).
C:\Users\Злата\Desktop\курсовыая\QtApp\QtApp\SettingsManager.cpp(1,1): warning C4828: Файл содержит знак, начинающийся со смещения 0xd3f, который является недопустимым в текущей исходной кодировке (кодовая страница 65001).
C:\Users\Злата\Desktop\курсовыая\QtApp\QtApp\Client.cpp(1,1): warning C4828: Файл содержит знак, начинающийся со смещения 0xc59, который является недопустимым в текущей исходной кодировке (кодовая страница 65001).
C:\Users\Злата\Desktop\курсовыая\QtApp\QtApp\SettingsManager.cpp(1,1): warning C4828: Файл содержит знак, начинающийся со смещения 0xd42, который является недопустимым в текущей исходной кодировке (кодовая страница 65001).
C:\Users\Злата\Desktop\курсовыая\QtApp\QtApp\Client.cpp(1,1): warning C4828: Файл содержит знак, начинающийся со смещения 0xc5a, который является недопустимым в текущей исходной кодировке (кодовая страница 65001).
C:\Users\Злата\Desktop\курсовыая\QtApp\QtApp\SettingsManager.cpp(1,1): warning C4828: Файл содержит знак, начинающийся со смещения 0xd45, который является недопустимым в текущей исходной кодировке (кодовая страница 65001).
C:\Users\Злата\Desktop\курсовыая\QtApp\QtApp\Client.cpp(1,1): warning C4828: Файл содержит знак, начинающийся со смещения 0xc5e, который является недопустимым в текущей исходной кодировке (кодовая страница 65001).
C:\Users\Злата\Desktop\курсовыая\QtApp\QtApp\SettingsManager.cpp(1,1): warning C4828: Файл содержит знак, начинающийся со смещения 0xd47, который является недопустимым в текущей исходной кодировке (кодовая страница 65001).
C:\Users\Злата\Desktop\курсовыая\QtApp\QtApp\Client.cpp(1,1): warning C4828: Файл содержит знак, начинающийся со смещения 0xc61, который является недопустимым в текущей исходной кодировке (кодовая страница 65001).
C:\Users\Злата\Desktop\курсовыая\QtApp\QtApp\SettingsManager.cpp(1,1): warning C4828: Файл содержит знак, начинающийся со смещения 0xd4b, который является недопустимым в текущей исходной кодировке (кодовая страница 65001).
C:\Users\Злата\Desktop\курсовыая\QtApp\QtApp\Client.cpp(1,1): warning C4828: Файл содержит знак, начинающийся со смещения 0xc65, который является недопустимым в текущей исходной кодировке (кодовая страница 65001).
C:\Users\Злата\Desktop\курсовыая\QtApp\QtApp\SettingsManager.cpp(1,1): warning C4828: Файл содержит знак, начинающийся со смещения 0xd4c, который является недопустимым в текущей исходной кодировке (кодовая страница 65001).
C:\Users\Злата\Desktop\курсовыая\QtApp\QtApp\SettingsManager.cpp(1,1): warning C4828: Файл содержит знак, начинающийся со смещения 0xd50, который является недопустимым в текущей исходной кодировке (кодовая страница 65001).
C:\Users\Злата\Desktop\курсовыая\QtApp\QtApp\SettingsManager.cpp(1,1): warning C4828: Файл содержит знак, начинающийся со смещения 0xd54, который является недопустимым в текущей исходной кодировке (кодовая страница 65001).
C:\Users\Злата\Desktop\курсовыая\QtApp\QtApp\SettingsManager.cpp(1,1): warning C4828: Файл содержит знак, начинающийся со смещения 0xd58, который является недопустимым в текущей исходной кодировке (кодовая страница 65001).
C:\Users\Злата\Desktop\курсовыая\QtApp\QtApp\SettingsManager.cpp(1,1): warning C4828: Файл содержит знак, начинающийся со смещения 0xd5b, который является недопустимым в текущей исходной кодировке (кодовая страница 65001).
C:\Users\Злата\Desktop\курсовыая\QtApp\QtApp\SettingsManager.cpp(1,1): warning C4828: Файл содержит знак, начинающийся со смещения 0xd5e, который является недопустимым в текущей исходной кодировке (кодовая страница 65001).
C:\Users\Злата\Desktop\курсовыая\QtApp\QtApp\SettingsManager.cpp(1,1): warning C4828: Файл содержит знак, начинающийся со смещения 0xd61, который является недопустимым в текущей исходной кодировке (кодовая страница 65001).
C:\Users\Злата\Desktop\курсовыая\QtApp\QtApp\SettingsManager.cpp(1,1): warning C4828: Файл содержит знак, начинающийся со смещения 0xd64, который является недопустимым в текущей исходной кодировке (кодовая страница 65001).
C:\Users\Злата\Desktop\курсовыая\QtApp\QtApp\MainWindow.cpp(1,1): warning C4828: Файл содержит знак, начинающийся со смещения 0x58d, который является недопустимым в текущей исходной кодировке (кодовая страница 65001).
C:\Users\Злата\Desktop\курсовыая\QtApp\QtApp\SettingsManager.cpp(1,1): warning C4828: Файл содержит знак, начинающийся со смещения 0xd67, который является недопустимым в текущей исходной кодировке (кодовая страница 65001).
C:\Users\Злата\Desktop\курсовыая\QtApp\QtApp\SettingsManager.cpp(1,1): warning C4828: Файл содержит знак, начинающийся со смещения 0xd6a, который является недопустимым в текущей исходной кодировке (кодовая страница 65001).
C:\Users\Злата\Desktop\курсовыая\QtApp\QtApp\MainWindow.cpp(1,1): warning C4828: Файл содержит знак, начинающийся со смещения 0x58f, который является недопустимым в текущей исходной кодировке (кодовая страница 65001).
C:\Users\Злата\Desktop\курсовыая\QtApp\QtApp\MainWindow.cpp(1,1): warning C4828: Файл содержит знак, начинающийся со смещения 0x592, который является недопустимым в текущей исходной кодировке (кодовая страница 65001).
C:\Users\Злата\Desktop\курсовыая\QtApp\QtApp\MainWindow.cpp(1,1): warning C4828: Файл содержит знак, начинающийся со смещения 0x596, который является недопустимым в текущей исходной кодировке (кодовая страница 65001).
C:\Users\Злата\Desktop\курсовыая\QtApp\QtApp\MainWindow.cpp(1,1): warning C4828: Файл содержит знак, начинающийся со смещения 0x599, который является недопустимым в текущей исходной кодировке (кодовая страница 65001).
C:\Users\Злата\Desktop\курсовыая\QtApp\QtApp\MainWindow.cpp(1,1): warning C4828: Файл содержит знак, начинающийся со смещения 0x59a, который является недопустимым в текущей исходной кодировке (кодовая страница 65001).
C:\Users\Злата\Desktop\курсовыая\QtApp\QtApp\MainWindow.cpp(1,1): warning C4828: Файл содержит знак, начинающийся со смещения 0x59e, который является недопустимым в текущей исходной кодировке (кодовая страница 65001).
C:\Users\Злата\Desktop\курсовыая\QtApp\QtApp\MainWindow.cpp(1,1): warning C4828: Файл содержит знак, начинающийся со смещения 0x682, который является недопустимым в текущей исходной кодировке (кодовая страница 65001).
C:\Users\Злата\Desktop\курсовыая\QtApp\QtApp\MainWindow.cpp(1,1): warning C4828: Файл содержит знак, начинающийся со смещения 0x685, который является недопустимым в текущей исходной кодировке (кодовая страница 65001).
C:\Users\Злата\Desktop\курсовыая\QtApp\QtApp\MainWindow.cpp(1,1): warning C4828: Файл содержит знак, начинающийся со смещения 0x688, который является недопустимым в текущей исходной кодировке (кодовая страница 65001).
C:\Users\Злата\Desktop\курсовыая\QtApp\QtApp\MainWindow.cpp(1,1): warning C4828: Файл содержит знак, начинающийся со смещения 0x68b, который является недопустимым в текущей исходной кодировке (кодовая страница 65001).
C:\Users\Злата\Desktop\курсовыая\QtApp\QtApp\MainWindow.cpp(1,1): warning C4828: Файл содержит знак, начинающийся со смещения 0x68e, который является недопустимым в текущей исходной кодировке (кодовая страница 65001).
C:\Users\Злата\Desktop\курсовыая\QtApp\QtApp\MainWindow.cpp(1,1): warning C4828: Файл содержит знак, начинающийся со смещения 0x952, который является недопустимым в текущей исходной кодировке (кодовая страница 65001).
C:\Users\Злата\Desktop\курсовыая\QtApp\QtApp\MainWindow.cpp(1,1): warning C4828: Файл содержит знак, начинающийся со смещения 0x954, который является недопустимым в текущей исходной кодировке (кодовая страница 65001).
C:\Users\Злата\Desktop\курсовыая\QtApp\QtApp\MainWindow.cpp(1,1): warning C4828: Файл содержит знак, начинающийся со смещения 0x957, который является недопустимым в текущей исходной кодировке (кодовая страница 65001).
C:\Users\Злата\Desktop\курсовыая\QtApp\QtApp\MainWindow.cpp(1,1): warning C4828: Файл содержит знак, начинающийся со смещения 0x959, который является недопустимым в текущей исходной кодировке (кодовая страница 65001).
C:\Users\Злата\Desktop\курсовыая\QtApp\QtApp\MainWindow.cpp(1,1): warning C4828: Файл содержит знак, начинающийся со смещения 0x95c, который является недопустимым в текущей исходной кодировке (кодовая страница 65001).
C:\Users\Злата\Desktop\курсовыая\QtApp\QtApp\MainWindow.cpp(1,1): warning C4828: Файл содержит знак, начинающийся со смещения 0x960, который является недопустимым в текущей исходной кодировке (кодовая страница 65001).
C:\Users\Злата\Desktop\курсовыая\QtApp\QtApp\MainWindow.cpp(1,1): warning C4828: Файл содержит знак, начинающийся со смещения 0x964, который является недопустимым в текущей исходной кодировке (кодовая страница 65001).
C:\Users\Злата\Desktop\курсовыая\QtApp\QtApp\MainWindow.cpp(1,1): warning C4828: Файл содержит знак, начинающийся со смещения 0x967, который является недопустимым в текущей исходной кодировке (кодовая страница 65001).
C:\Users\Злата\Desktop\курсовыая\QtApp\QtApp\MainWindow.cpp(1,1): warning C4828: Файл содержит знак, начинающийся со смещения 0x1300, который является недопустимым в текущей исходной кодировке (кодовая страница 65001).
C:\Users\Злата\Desktop\курсовыая\QtApp\QtApp\MainWindow.cpp(1,1): warning C4828: Файл содержит знак, начинающийся со смещения 0x1302, который является недопустимым в текущей исходной кодировке (кодовая страница 65001).
C:\Users\Злата\Desktop\курсовыая\QtApp\QtApp\MainWindow.cpp(1,1): warning C4828: Файл содержит знак, начинающийся со смещения 0x1305, который является недопустимым в текущей исходной кодировке (кодовая страница 65001).
C:\Users\Злата\Desktop\курсовыая\QtApp\QtApp\MainWindow.cpp(1,1): warning C4828: Файл содержит знак, начинающийся со смещения 0x1308, который является недопустимым в текущей исходной кодировке (кодовая страница 65001).
C:\Users\Злата\Desktop\курсовыая\QtApp\QtApp\MainWindow.cpp(1,1): warning C4828: Файл содержит знак, начинающийся со смещения 0x130b, который является недопустимым в текущей исходной кодировке (кодовая страница 65001).
C:\Users\Злата\Desktop\курсовыая\QtApp\QtApp\MainWindow.cpp(1,1): warning C4828: Файл содержит знак, начинающийся со смещения 0x130d, который является недопустимым в текущей исходной кодировке (кодовая страница 65001).
C:\Users\Злата\Desktop\курсовыая\QtApp\QtApp\MainWindow.cpp(1,1): warning C4828: Файл содержит знак, начинающийся со смещения 0x1311, который является недопустимым в текущей исходной кодировке (кодовая страница 65001).
C:\Users\Злата\Desktop\курсовыая\QtApp\QtApp\MainWindow.cpp(1,1): warning C4828: Файл содержит знак, начинающийся со смещения 0x1747, который является недопустимым в текущей исходной кодировке (кодовая страница 65001).
C:\Users\Злата\Desktop\курсовыая\QtApp\QtApp\MainWindow.cpp(1,1): warning C4828: Файл содержит знак, начинающийся со смещения 0x1749, который является недопустимым в текущей исходной кодировке (кодовая страница 65001).
C:\Users\Злата\Desktop\курсовыая\QtApp\QtApp\MainWindow.cpp(1,1): warning C4828: Файл содержит знак, начинающийся со смещения 0x174c, который является недопустимым в текущей исходной кодировке (кодовая страница 65001).
C:\Users\Злата\Desktop\курсовыая\QtApp\QtApp\MainWindow.cpp(1,1): warning C4828: Файл содержит знак, начинающийся со смещения 0x174f, который является недопустимым в текущей исходной кодировке (кодовая страница 65001).
C:\Users\Злата\Desktop\курсовыая\QtApp\QtApp\MainWindow.cpp(1,1): warning C4828: Файл содержит знак, начинающийся со смещения 0x1752, который является недопустимым в текущей исходной кодировке (кодовая страница 65001).
C:\Users\Злата\Desktop\курсовыая\QtApp\QtApp\MainWindow.cpp(1,1): warning C4828: Файл содержит знак, начинающийся со смещения 0x1754, который является недопустимым в текущей исходной кодировке (кодовая страница 65001).
C:\Users\Злата\Desktop\курсовыая\QtApp\QtApp\MainWindow.cpp(1,1): warning C4828: Файл содержит знак, начинающийся со смещения 0x1758, который является недопустимым в текущей исходной кодировке (кодовая страница 65001).
C:\Users\Злата\Desktop\курсовыая\QtApp\QtApp\Player.cpp(1,1): warning C4828: Файл содержит знак, начинающийся со смещения 0xc96, который является недопустимым в текущей исходной кодировке (кодовая страница 65001).
C:\Users\Злата\Desktop\курсовыая\QtApp\QtApp\Player.cpp(1,1): warning C4828: Файл содержит знак, начинающийся со смещения 0xc98, который является недопустимым в текущей исходной кодировке (кодовая страница 65001).
C:\Users\Злата\Desktop\курсовыая\QtApp\QtApp\Player.cpp(1,1): warning C4828: Файл содержит знак, начинающийся со смещения 0xc9b, который является недопустимым в текущей исходной кодировке (кодовая страница 65001).
C:\Users\Злата\Desktop\курсовыая\QtApp\QtApp\Player.cpp(1,1): warning C4828: Файл содержит знак, начинающийся со смещения 0xc9e, который является недопустимым в текущей исходной кодировке (кодовая страница 65001).
C:\Users\Злата\Desktop\курсовыая\QtApp\QtApp\Player.cpp(1,1): warning C4828: Файл содержит знак, начинающийся со смещения 0xca1, который является недопустимым в текущей исходной кодировке (кодовая страница 65001).
C:\Users\Злата\Desktop\курсовыая\QtApp\QtApp\Player.cpp(1,1): warning C4828: Файл содержит знак, начинающийся со смещения 0xca4, который является недопустимым в текущей исходной кодировке (кодовая страница 65001).
C:\Users\Злата\Desktop\курсовыая\QtApp\QtApp\Player.cpp(1,1): warning C4828: Файл содержит знак, начинающийся со смещения 0xca7, который является недопустимым в текущей исходной кодировке (кодовая страница 65001).
C:\Users\Злата\Desktop\курсовыая\QtApp\QtApp\Player.cpp(1,1): warning C4828: Файл содержит знак, начинающийся со смещения 0xcab, который является недопустимым в текущей исходной кодировке (кодовая страница 65001).
C:\Users\Злата\Desktop\курсовыая\QtApp\QtApp\Player.cpp(1,1): warning C4828: Файл содержит знак, начинающийся со смещения 0xcae, который является недопустимым в текущей исходной кодировке (кодовая страница 65001).
C:\Users\Злата\Desktop\курсовыая\QtApp\QtApp\Player.cpp(1,1): warning C4828: Файл содержит знак, начинающийся со смещения 0xcb2, который является недопустимым в текущей исходной кодировке (кодовая страница 65001).
C:\Users\Злата\Desktop\курсовыая\QtApp\QtApp\Player.cpp(1,1): warning C4828: Файл содержит знак, начинающийся со смещения 0xcb6, который является недопустимым в текущей исходной кодировке (кодовая страница 65001).
C:\Users\Злата\Desktop\курсовыая\QtApp\QtApp\Player.cpp(1,1): warning C4828: Файл содержит знак, начинающийся со смещения 0xcb9, который является недопустимым в текущей исходной кодировке (кодовая страница 65001).
C:\Users\Злата\Desktop\курсовыая\QtApp\QtApp\Player.cpp(1,1): warning C4828: Файл содержит знак, начинающийся со смещения 0xcbd, который является недопустимым в текущей исходной кодировке (кодовая страница 65001).
C:\Users\Злата\Desktop\курсовыая\QtApp\QtApp\Player.cpp(1,1): warning C4828: Файл содержит знак, начинающийся со смещения 0xcc0, который является недопустимым в текущей исходной кодировке (кодовая страница 65001).
  qrc_QtApp.cpp
  moc_QtApp.cpp
  moc_Client.cpp
  moc_MainWindow.cpp
  moc_NotificationManager.cpp
  moc_Player.cpp
  moc_RoomData.cpp
  moc_SettingsManager.cpp
  moc_SyncHandler.cpp
  moc_VideoRenderer.cpp
  QtApp.vcxproj -> C:\Users\Злата\Desktop\курсовыая\QtApp\x64\Debug\QtApp.exe
