c:\users\злата\desktop\курсовыая\qtapp\qtapp\x64\debug\videorenderer.obj
c:\users\злата\desktop\курсовыая\qtapp\qtapp\x64\debug\player.obj
c:\users\злата\desktop\курсовыая\qtapp\qtapp\x64\debug\client.obj
c:\users\злата\desktop\курсовыая\qtapp\qtapp\x64\debug\notificationmanager.obj
c:\users\злата\desktop\курсовыая\qtapp\qtapp\x64\debug\synchandler.obj
c:\users\злата\desktop\курсовыая\qtapp\qtapp\x64\debug\main.obj
c:\users\злата\desktop\курсовыая\qtapp\qtapp\x64\debug\settingsmanager.obj
c:\users\злата\desktop\курсовыая\qtapp\qtapp\x64\debug\qtapp.obj
c:\users\злата\desktop\курсовыая\qtapp\qtapp\x64\debug\mainwindow.obj
c:\users\злата\desktop\курсовыая\qtapp\qtapp\x64\debug\qt\moc\moc_qtapp.cpp
c:\users\злата\desktop\курсовыая\qtapp\qtapp\x64\debug\qt\moc\moc_client.cpp
c:\users\злата\desktop\курсовыая\qtapp\qtapp\x64\debug\qt\moc\moc_mainwindow.cpp
c:\users\злата\desktop\курсовыая\qtapp\qtapp\x64\debug\qt\moc\moc_notificationmanager.cpp
c:\users\злата\desktop\курсовыая\qtapp\qtapp\x64\debug\qt\moc\moc_player.cpp
c:\users\злата\desktop\курсовыая\qtapp\qtapp\x64\debug\qt\moc\moc_roomdata.cpp
c:\users\злата\desktop\курсовыая\qtapp\qtapp\x64\debug\qt\moc\moc_settingsmanager.cpp
c:\users\злата\desktop\курсовыая\qtapp\qtapp\x64\debug\qt\moc\moc_synchandler.cpp
c:\users\злата\desktop\курсовыая\qtapp\qtapp\x64\debug\qt\moc\moc_videorenderer.cpp
c:\users\злата\desktop\курсовыая\qtapp\qtapp\x64\debug\qt\uic\ui_qtapp.h
c:\users\злата\desktop\курсовыая\qtapp\qtapp\x64\debug\qt\rcc\qrc_qtapp.cpp
c:\users\злата\desktop\курсовыая\qtapp\qtapp\x64\debug\vc143.idb
c:\users\злата\desktop\курсовыая\qtapp\qtapp\x64\debug\vc143.pdb
c:\users\злата\desktop\курсовыая\qtapp\qtapp\x64\debug\qtapp.tlog\cl.11576.write.1.tlog
c:\users\злата\desktop\курсовыая\qtapp\qtapp\x64\debug\qtapp.tlog\cl.command.1.tlog
c:\users\злата\desktop\курсовыая\qtapp\qtapp\x64\debug\qtapp.tlog\cl.read.1.tlog
c:\users\злата\desktop\курсовыая\qtapp\qtapp\x64\debug\qtapp.tlog\moc.read.1u.tlog
c:\users\злата\desktop\курсовыая\qtapp\qtapp\x64\debug\qtapp.tlog\moc.write.1u.tlog
c:\users\злата\desktop\курсовыая\qtapp\qtapp\x64\debug\qtapp.tlog\qtapp.write.1u.tlog
c:\users\злата\desktop\курсовыая\qtapp\qtapp\x64\debug\qtapp.tlog\rcc.read.1u.tlog
c:\users\злата\desktop\курсовыая\qtapp\qtapp\x64\debug\qtapp.tlog\rcc.write.1u.tlog
c:\users\злата\desktop\курсовыая\qtapp\qtapp\x64\debug\qtapp.tlog\uic.read.1u.tlog
c:\users\злата\desktop\курсовыая\qtapp\qtapp\x64\debug\qtapp.tlog\uic.write.1u.tlog
